Microchip MPLAB XC8 Compiler V2.32

Linker command line:

-W-3 --edf=C:\Program Files\Microchip\xc8\v2.32\pic\dat\en_msgs.txt -cn \
  -h+dist/default/production\xc8_libs_pic16f877a_mplabx_v5.50_xc8_v2.32.X.production.sym \
  --cmf=dist/default/production\xc8_libs_pic16f877a_mplabx_v5.50_xc8_v2.32.X.production.cmf \
  -z -Q16F877A -oC:\Users\david\AppData\Local\Temp\xcAshbo.4 \
  --defsym=__MPLAB_BUILD=1 \
  -Mdist/default/production/xc8_libs_pic16f877a_mplabx_v5.50_xc8_v2.32.X.production.map \
  -E1 -ver=XC8 Compiler --acfsm=1493 -ASTACK=0110h-016Fh -pstack=STACK \
  -ACODE=00h-07FFhx4 -ASTRCODE=00h-01FFFh -ASTRING=00h-0FFhx32 \
  -ACONST=00h-0FFhx32 -AENTRY=00h-0FFhx32 -ACOMMON=070h-07Fh \
  -ABANK0=020h-06Fh -ABANK1=0A0h-0EFh -ABANK2=0110h-016Fh \
  -ABANK3=0190h-01EFh -ARAM=020h-06Fh,0A0h-0EFh,0110h-016Fh,0190h-01EFh \
  -AABS1=020h-07Fh,0A0h-0EFh,0110h-016Fh,0190h-01EFh -ASFR0=00h-01Fh \
  -ASFR1=080h-09Fh -ASFR2=0100h-010Fh -ASFR3=0180h-018Fh \
  -ACONFIG=02007h-02007h -DCONFIG=2 -AIDLOC=02000h-02003h -DIDLOC=2 \
  -AEEDATA=00h-0FFh/02100h -peeprom_data=EEDATA -DEEDATA=2 -DCODE=2 \
  -DSTRCODE=2 -DSTRING=2 -DCONST=2 -DENTRY=2 \
  -preset_vec=00h,intentry=04h,init,end_init -ppowerup=CODE -pcinit=CODE \
  -pfunctab=ENTRY -k C:\Users\david\AppData\Local\Temp\xcAshbo.o \
  dist/default/production\xc8_libs_pic16f877a_mplabx_v5.50_xc8_v2.32.X.production.o 

Object code version is 3.11

Machine type is 16F877A



                Name                               Link     Load   Length Selector   Space Scale
C:\Users\david\AppData\Local\Temp\xcAshbo.o
                end_init                              C        C        3        8       0
                reset_vec                             0        0        3        0       0
                config                             2007     2007        1        0       4
dist/default/production\xc8_libs_pic16f877a_mplabx_v5.50_xc8_v2.32.X.production.o
                cinit                                 F        F       3B        8       0
                intentry                              4        4        8        8       0
                config                             2007     2007        1        0       4
                text52                              9D8      9D8       1F     13B0       0
                text51                             17DC     17DC       12     2FB8       0
                text50                              9A0      9A0       1C     1340       0
                text49                              9BC      9BC       1C     1378       0
                text48                             1770     1770        B     2EE0       0
                text47                             17EE     17EE       12     2FDC       0
                text46                              8CE      8CE       12     119C       0
                text45                              8E0      8E0       12     11C0       0
                text44                              6CB      6CB       35        8       0
                text43                              955      955       18     12AA       0
                text42                              8F2      8F2       12     11E4       0
                text41                              AA9      AA9       28     1552       0
                text40                             1746     1746        4     2E8C       0
                text39                              8BD      8BD       11     117A       0
                text38                              B4B      B4B       2B     1696       0
                text37                              9F7      9F7       1F     13EE       0
                text36                             177B     177B        B     2EF6       0
                text35                             174A     174A        6     2E94       0
                text34                             17AC     17AC       10     2F58       0
                text33                             1766     1766        A     2ECC       0
                text32                             1786     1786        C     2F0C       0
                text31                              BE3      BE3       3B     17C6       0
                text30                              D12      D12       44     1A24       0
                text29                              C1E      C1E       3C     183C       0
                text28                             17BC     17BC       10     2F78       0
                text27                             1756     1756        8     2EAC       0
                text26                              EBC      EBC      144     1D78       0
                text25                             17CC     17CC       10     2F98       0
                text24                              904      904       13     1208       0
                text23                              381      381      2C2        8       0
                text22                              A82      A82       27     1504       0
                text21                             179E     179E        E     2F3C       0
                text20                              D9E      D9E       49     1B3C       0
                text19                              CD4      CD4       3E     19A8       0
                text18                             1750     1750        6     2EA0       0
                text17                              C5A      C5A       3D     18B4       0
                text16                              986      986       1A     130C       0
                text15                              E4A      E4A       72     1C94       0
                text14                              A5C      A5C       26     14B8       0
                text13                              DE7      DE7       63     1BCE       0
                text12                              C97      C97       3D     192E       0
                text11                              A37      A37       25     146E       0
                text10                              D56      D56       48     1AAC       0
                text9                               BAA      BAA       39     1754       0
                text8                               643      643       88        8       0
                text7                               A16      A16       21     142C       0
                text6                               AF9      AF9       29     15F2       0
                text5                               93E      93E       17     127C       0
                text4                               B76      B76       34     16EC       0
                text3                               AD1      AD1       28     15A2       0
                text2                               96D      96D       19     12DA       0
                text1                                4A       4A      337        8       0
                maintext                            B22      B22       29     1644       0
                cstackBANK0                          20       20       2E       20       1
                cstackCOMMON                         70       70        A       70       1
                clrtext                            175E     175E        8     2EBC       0
                inittext                            917      917       13     122E       0
                bssBANK3                            190      190        A      190       1
                dataBANK1                            DC       DC       14       A0       1
                bssBANK1                             A0       A0       3C       A0       1
                dataBANK0                            64       64        C       20       1
                bssBANK0                             4E       4E       16       20       1
                bssCOMMON                            7A       7A        2       70       1
                stringtext                          700      700      1BD        E       0
                idataBANK1                          92A      92A       14     1254       0
                idataBANK0                         1792     1792        C     2F24       0

TOTAL           Name                               Link     Load   Length     Space
        CLASS   STACK          

        CLASS   CODE           
                end_init                              C        C        3         0
                cinit                                 F        F       3B         0
                intentry                              4        4        8         0
                reset_vec                             0        0        3         0
                text52                              9D8      9D8       1F         0
                text51                             17DC     17DC       12         0
                text50                              9A0      9A0       1C         0
                text49                              9BC      9BC       1C         0
                text48                             1770     1770        B         0
                text47                             17EE     17EE       12         0
                text46                              8CE      8CE       12         0
                text45                              8E0      8E0       12         0
                text44                              6CB      6CB       35         0
                text43                              955      955       18         0
                text42                              8F2      8F2       12         0
                text41                              AA9      AA9       28         0
                text40                             1746     1746        4         0
                text39                              8BD      8BD       11         0
                text38                              B4B      B4B       2B         0
                text37                              9F7      9F7       1F         0
                text36                             177B     177B        B         0
                text35                             174A     174A        6         0
                text34                             17AC     17AC       10         0
                text33                             1766     1766        A         0
                text32                             1786     1786        C         0
                text31                              BE3      BE3       3B         0
                text30                              D12      D12       44         0
                text29                              C1E      C1E       3C         0
                text28                             17BC     17BC       10         0
                text27                             1756     1756        8         0
                text26                              EBC      EBC      144         0
                text25                             17CC     17CC       10         0
                text24                              904      904       13         0
                text23                              381      381      2C2         0
                text22                              A82      A82       27         0
                text21                             179E     179E        E         0
                text20                              D9E      D9E       49         0
                text19                              CD4      CD4       3E         0
                text18                             1750     1750        6         0
                text17                              C5A      C5A       3D         0
                text16                              986      986       1A         0
                text15                              E4A      E4A       72         0
                text14                              A5C      A5C       26         0
                text13                              DE7      DE7       63         0
                text12                              C97      C97       3D         0
                text11                              A37      A37       25         0
                text10                              D56      D56       48         0
                text9                               BAA      BAA       39         0
                text8                               643      643       88         0
                text7                               A16      A16       21         0
                text6                               AF9      AF9       29         0
                text5                               93E      93E       17         0
                text4                               B76      B76       34         0
                text3                               AD1      AD1       28         0
                text2                               96D      96D       19         0
                text1                                4A       4A      337         0
                maintext                            B22      B22       29         0
                clrtext                            175E     175E        8         0
                inittext                            917      917       13         0
                idataBANK1                          92A      92A       14         0
                idataBANK0                         1792     1792        C         0

        CLASS   STRCODE        
                stringtext                          700      700      1BD         0

        CLASS   STRING         

        CLASS   CONST          

        CLASS   ENTRY          

        CLASS   COMMON         
                cstackCOMMON                         70       70        A         1
                bssCOMMON                            7A       7A        2         1

        CLASS   BANK0          
                cstackBANK0                          20       20       2E         1
                dataBANK0                            64       64        C         1
                bssBANK0                             4E       4E       16         1

        CLASS   BANK1          
                dataBANK1                            DC       DC       14         1
                bssBANK1                             A0       A0       3C         1

        CLASS   BANK2          

        CLASS   BANK3          
                bssBANK3                            190      190        A         1

        CLASS   RAM            

        CLASS   ABS1           
                abs_s1                               7E       7E        2         1

        CLASS   SFR0           

        CLASS   SFR1           

        CLASS   SFR2           

        CLASS   SFR3           

        CLASS   CONFIG         
                config                             2007     2007        1         4

        CLASS   IDLOC          

        CLASS   EEDATA         



SEGMENTS        Name                           Load    Length   Top    Selector   Space  Class     Delta

                reset_vec                      000000  000003  000003         0       0  CODE        2
                intentry                       000004  0006FC  000700         8       0  CODE        2
                cstackBANK0                    000020  000050  000070        20       1  BANK0       1
                cstackCOMMON                   000070  00000C  00007C        70       1  COMMON      1
                bssBANK1                       0000A0  000050  0000F0        A0       1  BANK1       1
                bssBANK3                       000190  00000A  00019A       190       1  BANK3       1
                stringtext                     000700  0001BD  0008BD         E       0  STRCODE     2
                text39                         0008BD  000011  0008CE      117A       0  CODE        2
                text46                         0008CE  000012  0008E0      119C       0  CODE        2
                text45                         0008E0  000012  0008F2      11C0       0  CODE        2
                text42                         0008F2  000012  000904      11E4       0  CODE        2
                text24                         000904  000013  000917      1208       0  CODE        2
                inittext                       000917  000013  00092A      122E       0  CODE        2
                idataBANK1                     00092A  000014  00093E      1254       0  CODE        2
                text5                          00093E  000017  000955      127C       0  CODE        2
                text43                         000955  000018  00096D      12AA       0  CODE        2
                text2                          00096D  000019  000986      12DA       0  CODE        2
                text16                         000986  00001A  0009A0      130C       0  CODE        2
                text50                         0009A0  00001C  0009BC      1340       0  CODE        2
                text49                         0009BC  00001C  0009D8      1378       0  CODE        2
                text52                         0009D8  00001F  0009F7      13B0       0  CODE        2
                text37                         0009F7  00001F  000A16      13EE       0  CODE        2
                text7                          000A16  000021  000A37      142C       0  CODE        2
                text11                         000A37  000025  000A5C      146E       0  CODE        2
                text14                         000A5C  000026  000A82      14B8       0  CODE        2
                text22                         000A82  000027  000AA9      1504       0  CODE        2
                text41                         000AA9  000028  000AD1      1552       0  CODE        2
                text3                          000AD1  000028  000AF9      15A2       0  CODE        2
                text6                          000AF9  000029  000B22      15F2       0  CODE        2
                maintext                       000B22  000029  000B4B      1644       0  CODE        2
                text38                         000B4B  00002B  000B76      1696       0  CODE        2
                text4                          000B76  000034  000BAA      16EC       0  CODE        2
                text9                          000BAA  000039  000BE3      1754       0  CODE        2
                text31                         000BE3  00003B  000C1E      17C6       0  CODE        2
                text29                         000C1E  00003C  000C5A      183C       0  CODE        2
                text17                         000C5A  00003D  000C97      18B4       0  CODE        2
                text12                         000C97  00003D  000CD4      192E       0  CODE        2
                text19                         000CD4  00003E  000D12      19A8       0  CODE        2
                text30                         000D12  000044  000D56      1A24       0  CODE        2
                text10                         000D56  000048  000D9E      1AAC       0  CODE        2
                text20                         000D9E  000049  000DE7      1B3C       0  CODE        2
                text13                         000DE7  000063  000E4A      1BCE       0  CODE        2
                text15                         000E4A  000072  000EBC      1C94       0  CODE        2
                text26                         000EBC  000144  001000      1D78       0  CODE        2
                text40                         001746  000004  00174A      2E8C       0  CODE        2
                text35                         00174A  000006  001750      2E94       0  CODE        2
                text18                         001750  000006  001756      2EA0       0  CODE        2
                text27                         001756  000008  00175E      2EAC       0  CODE        2
                clrtext                        00175E  000008  001766      2EBC       0  CODE        2
                text33                         001766  00000A  001770      2ECC       0  CODE        2
                text48                         001770  00000B  00177B      2EE0       0  CODE        2
                text36                         00177B  00000B  001786      2EF6       0  CODE        2
                text32                         001786  00000C  001792      2F0C       0  CODE        2
                idataBANK0                     001792  00000C  00179E      2F24       0  CODE        2
                text21                         00179E  00000E  0017AC      2F3C       0  CODE        2
                text34                         0017AC  000010  0017BC      2F58       0  CODE        2
                text28                         0017BC  000010  0017CC      2F78       0  CODE        2
                text25                         0017CC  000010  0017DC      2F98       0  CODE        2
                text51                         0017DC  000012  0017EE      2FB8       0  CODE        2
                text47                         0017EE  000012  001800      2FDC       0  CODE        2


UNUSED ADDRESS RANGES

        Name                Unused          Largest block    Delta
        BANK2            0110-016F             60           1
        BANK3            019A-01EF             56           1
        CODE             0003-0003              1           2
                         1000-1745            746
                         1800-1FFF            800
        COMMON           007C-007D              2           1
        CONST            0003-0003              1           2
                         1000-1745            100
                         1800-1FFF            100
        EEDATA           2100-21FF            100           2
        ENTRY            0003-0003              1           2
                         1000-1745            100
                         1800-1FFF            100
        IDLOC            2000-2003              4           2
        RAM              0110-016F             60           1
                         019A-01EF             56
        SFR0             0000-001F             20           1
        SFR1             0080-009F             20           1
        SFR2             0100-010F             10           1
        SFR3             0180-018F             10           1
        STACK            0110-016F             60           1
        STRCODE          0003-0003              1           2
                         1000-1745            746
                         1800-1FFF            800
        STRING           0003-0003              1           2
                         1000-1745            100
                         1800-1FFF            100

                                  Symbol Table

?___lwdiv                 cstackCOMMON 0072
?___lwmod                 cstackBANK0  0020
?_memcmp                  cstackCOMMON 0072
?_printf                  cstackBANK0  0026
?_strcmp                  cstackCOMMON 0072
?_strlen                  cstackCOMMON 0072
_ADCON0                   (abs)        001F
_ADCON0bits               (abs)        001F
_ADCON1                   (abs)        009F
_ADRESH                   (abs)        001E
_ADRESL                   (abs)        009E
_CMCON                    (abs)        009C
_INTCON                   (abs)        000B
_INTCONbits               (abs)        000B
_OPTION_REG               (abs)        0081
_PORTA                    (abs)        0005
_PORTB                    (abs)        0006
_PORTBbits                (abs)        0006
_PORTC                    (abs)        0007
_PORTD                    (abs)        0008
_PORTE                    (abs)        0009
_PORTEbits                (abs)        0009
_TRISA                    (abs)        0085
_TRISB                    (abs)        0086
_TRISC                    (abs)        0087
_TRISD                    (abs)        0088
_TRISE                    (abs)        0089
__Habs1                   abs1         0000
__Hbank0                  bank0        0000
__Hbank1                  bank1        0000
__Hbank2                  bank2        0000
__Hbank3                  bank3        0000
__HbssBANK0               bssBANK0     0000
__HbssBANK1               bssBANK1     0000
__HbssBANK3               bssBANK3     0000
__HbssCOMMON              bssCOMMON    0000
__Hcinit                  cinit        004A
__Hclrtext                clrtext      0000
__Hcode                   code         0000
__Hcommon                 common       0000
__Hconfig                 config       2008
__HcstackBANK0            cstackBANK0  0000
__HcstackCOMMON           cstackCOMMON 0000
__HdataBANK0              dataBANK0    0000
__HdataBANK1              dataBANK1    0000
__Heeprom_data            eeprom_data  0000
__Hend_init               end_init     000F
__Hfunctab                functab      0000
__HidataBANK0             idataBANK0   0000
__HidataBANK1             idataBANK1   0000
__Hinit                   init         000C
__Hinittext               inittext     0000
__Hintentry               intentry     000C
__Hmaintext               maintext     0000
__Hpowerup                powerup      0000
__Hram                    ram          0000
__Hreset_vec              reset_vec    0003
__Hsfr0                   sfr0         0000
__Hsfr1                   sfr1         0000
__Hsfr2                   sfr2         0000
__Hsfr3                   sfr3         0000
__Hspace_0                (abs)        1800
__Hspace_1                (abs)        019A
__Hspace_2                (abs)        0000
__Hspace_3                (abs)        0000
__Hspace_4                (abs)        400F
__Hstack                  stack        0000
__Hstrings                strings      0000
__Hstringtext             stringtext   0000
__Htext                   text         0000
__Labs1                   abs1         0000
__Lbank0                  bank0        0000
__Lbank1                  bank1        0000
__Lbank2                  bank2        0000
__Lbank3                  bank3        0000
__LbssBANK0               bssBANK0     0000
__LbssBANK1               bssBANK1     0000
__LbssBANK3               bssBANK3     0000
__LbssCOMMON              bssCOMMON    0000
__Lcinit                  cinit        000F
__Lclrtext                clrtext      0000
__Lcode                   code         0000
__Lcommon                 common       0000
__Lconfig                 config       0000
__LcstackBANK0            cstackBANK0  0000
__LcstackCOMMON           cstackCOMMON 0000
__LdataBANK0              dataBANK0    0000
__LdataBANK1              dataBANK1    0000
__Leeprom_data            eeprom_data  0000
__Lend_init               end_init     000C
__Lfunctab                functab      0000
__LidataBANK0             idataBANK0   0000
__LidataBANK1             idataBANK1   0000
__Linit                   init         000C
__Linittext               inittext     0000
__Lintentry               intentry     0004
__Lmaintext               maintext     0000
__Lpowerup                powerup      0000
__Lram                    ram          0000
__Lreset_vec              reset_vec    0000
__Lsfr0                   sfr0         0000
__Lsfr1                   sfr1         0000
__Lsfr2                   sfr2         0000
__Lsfr3                   sfr3         0000
__Lspace_0                (abs)        0000
__Lspace_1                (abs)        0000
__Lspace_2                (abs)        0000
__Lspace_3                (abs)        0000
__Lspace_4                (abs)        0000
__Lstack                  stack        0000
__Lstrings                strings      0000
__Lstringtext             stringtext   0000
__Ltext                   text         0000
__S0                      (abs)        1800
__S1                      (abs)        019A
__S2                      (abs)        0000
__S3                      (abs)        0000
___int_sp                 stack        0000
___latbits                (abs)        0002
___lwdiv                  text30       0D12
___lwdiv@counter          cstackCOMMON 0079
___lwdiv@dividend         cstackCOMMON 0074
___lwdiv@divisor          cstackCOMMON 0072
___lwdiv@quotient         cstackCOMMON 0077
___lwmod                  text29       0C1E
___lwmod@counter          cstackBANK0  0025
___lwmod@dividend         cstackBANK0  0022
___lwmod@divisor          cstackBANK0  0020
___sp                     stack        0000
___stackhi                (abs)        0000
___stacklo                (abs)        0000
__end_of___lwdiv          text30       0D56
__end_of___lwmod          text29       0C5A
__end_of__initialization  cinit        0046
__end_of__stringtab       stringtext   0712
__end_of_amost1           text16       09A0
__end_of_ctype_testing    text23       0643
__end_of_dpowers          stringtext   071C
__end_of_init             text22       0AA9
__end_of_isalnum          text49       09D8
__end_of_isalpha          text50       09BC
__end_of_iscntrl          text48       177B
__end_of_isdigit          text42       0904
__end_of_isgraph          text47       1800
__end_of_islower          text46       08E0
__end_of_isprint          text45       08F2
__end_of_ispunct          text44       0700
__end_of_isspace          text43       096D
__end_of_isupper          text51       17EE
__end_of_isxdigit         text41       0AD1
__end_of_itoa             text14       0A82
__end_of_lcd_byte_4bits   text37       0A16
__end_of_lcd_byte_8bits   text36       1786
__end_of_lcd_char         text28       17CC
__end_of_lcd_clear        text32       1792
__end_of_lcd_cmd          text34       17BC
__end_of_lcd_delay_1us    text40       174A
__end_of_lcd_delay_2ms    text33       1770
__end_of_lcd_delay_40ms   text21       17AC
__end_of_lcd_delay_40us   text35       1750
__end_of_lcd_en_pulse     text39       08CE
__end_of_lcd_goto         text31       0C1E
__end_of_lcd_init         text18       1756
__end_of_lcd_init_4bits   text20       0DE7
__end_of_lcd_init_8bits   text19       0D12
__end_of_lcd_send_nibble  text38       0B76
__end_of_main             maintext     0B4B
__end_of_math_testing     text17       0C97
__end_of_memchr           text11       0A5C
__end_of_memcmp           text10       0D9E
__end_of_memcpy           text9        0BE3
__end_of_memmove          text8        06CB
__end_of_memset           text7        0A37
__end_of_myIsr            text52       09F7
__end_of_printf           text26       1000
__end_of_putch            text27       175E
__end_of_show_ad          text13       0E4A
__end_of_stdlib_testing   text12       0CD4
__end_of_strcat           text6        0B22
__end_of_strchr           text5        0955
__end_of_strcmp           text4        0BAA
__end_of_strcpy           text3        0AF9
__end_of_string_testing   text1        0381
__end_of_strlen           text2        0986
__end_of_tolower          text25       17DC
__end_of_toupper          text24       0917
__end_of_utoa             text15       0EBC
__initialization          cinit        000F
__pbssBANK0               bssBANK0     004E
__pbssBANK1               bssBANK1     00A0
__pbssBANK3               bssBANK3     0190
__pbssCOMMON              bssCOMMON    007A
__pcstackBANK0            cstackBANK0  0020
__pcstackCOMMON           cstackCOMMON 0070
__pdataBANK0              dataBANK0    0064
__pdataBANK1              dataBANK1    00DC
__pidataBANK0             idataBANK0   1792
__pidataBANK1             idataBANK1   092A
__pintentry               intentry     0004
__pmaintext               maintext     0B22
__pstringtext             stringtext   0700
__ptext1                  text1        004A
__ptext10                 text10       0D56
__ptext11                 text11       0A37
__ptext12                 text12       0C97
__ptext13                 text13       0DE7
__ptext14                 text14       0A5C
__ptext15                 text15       0E4A
__ptext16                 text16       0986
__ptext17                 text17       0C5A
__ptext18                 text18       1750
__ptext19                 text19       0CD4
__ptext2                  text2        096D
__ptext20                 text20       0D9E
__ptext21                 text21       179E
__ptext22                 text22       0A82
__ptext23                 text23       0381
__ptext24                 text24       0904
__ptext25                 text25       17CC
__ptext26                 text26       0EBC
__ptext27                 text27       1756
__ptext28                 text28       17BC
__ptext29                 text29       0C1E
__ptext3                  text3        0AD1
__ptext30                 text30       0D12
__ptext31                 text31       0BE3
__ptext32                 text32       1786
__ptext33                 text33       1766
__ptext34                 text34       17AC
__ptext35                 text35       174A
__ptext36                 text36       177B
__ptext37                 text37       09F7
__ptext38                 text38       0B4B
__ptext39                 text39       08BD
__ptext4                  text4        0B76
__ptext40                 text40       1746
__ptext41                 text41       0AA9
__ptext42                 text42       08F2
__ptext43                 text43       0955
__ptext44                 text44       06CB
__ptext45                 text45       08E0
__ptext46                 text46       08CE
__ptext47                 text47       17EE
__ptext48                 text48       1770
__ptext49                 text49       09BC
__ptext5                  text5        093E
__ptext50                 text50       09A0
__ptext51                 text51       17DC
__ptext52                 text52       09D8
__ptext6                  text6        0AF9
__ptext7                  text7        0A16
__ptext8                  text8        0643
__ptext9                  text9        0BAA
__size_of___lwdiv         (abs)        0000
__size_of___lwmod         (abs)        0000
__size_of_amost1          (abs)        0000
__size_of_ctype_testing   (abs)        0000
__size_of_init            (abs)        0000
__size_of_isalnum         (abs)        0000
__size_of_isalpha         (abs)        0000
__size_of_iscntrl         (abs)        0000
__size_of_isdigit         (abs)        0000
__size_of_isgraph         (abs)        0000
__size_of_islower         (abs)        0000
__size_of_isprint         (abs)        0000
__size_of_ispunct         (abs)        0000
__size_of_isspace         (abs)        0000
__size_of_isupper         (abs)        0000
__size_of_isxdigit        (abs)        0000
__size_of_itoa            (abs)        0000
__size_of_lcd_byte_4bits  (abs)        0000
__size_of_lcd_byte_8bits  (abs)        0000
__size_of_lcd_char        (abs)        0000
__size_of_lcd_clear       (abs)        0000
__size_of_lcd_cmd         (abs)        0000
__size_of_lcd_delay_1us   (abs)        0000
__size_of_lcd_delay_2ms   (abs)        0000
__size_of_lcd_delay_40ms  (abs)        0000
__size_of_lcd_delay_40us  (abs)        0000
__size_of_lcd_en_pulse    (abs)        0000
__size_of_lcd_goto        (abs)        0000
__size_of_lcd_init        (abs)        0000
__size_of_lcd_init_4bits  (abs)        0000
__size_of_lcd_init_8bits  (abs)        0000
__size_of_lcd_send_nibble (abs)        0000
__size_of_main            (abs)        0000
__size_of_math_testing    (abs)        0000
__size_of_memchr          (abs)        0000
__size_of_memcmp          (abs)        0000
__size_of_memcpy          (abs)        0000
__size_of_memmove         (abs)        0000
__size_of_memset          (abs)        0000
__size_of_myIsr           (abs)        0000
__size_of_printf          (abs)        0000
__size_of_putch           (abs)        0000
__size_of_show_ad         (abs)        0000
__size_of_stdlib_testing  (abs)        0000
__size_of_strcat          (abs)        0000
__size_of_strchr          (abs)        0000
__size_of_strcmp          (abs)        0000
__size_of_strcpy          (abs)        0000
__size_of_string_testing  (abs)        0000
__size_of_strlen          (abs)        0000
__size_of_tolower         (abs)        0000
__size_of_toupper         (abs)        0000
__size_of_utoa            (abs)        0000
__stringbase              stringtext   0712
__stringtab               stringtext   0700
_ad_char_val              bssBANK0     005D
_ad_value                 bssBANK0     0062
_amost1                   text16       0986
_ctype_testing            text23       0381
_dpowers                  stringtext   0712
_init                     text22       0A82
_isalnum                  text49       09BC
_isalnum$964              cstackCOMMON 0076
_isalpha                  text50       09A0
_isalpha$968              cstackCOMMON 0074
_iscntrl                  text48       1770
_isdigit                  text42       08F2
_isdigit$998              cstackCOMMON 0072
_isgraph                  text47       17EE
_isgraph$973              cstackCOMMON 0072
_islower                  text46       08CE
_islower$976              cstackCOMMON 0072
_isprint                  text45       08E0
_isprint$979              cstackCOMMON 0072
_ispunct                  text44       06CB
_isspace                  text43       0955
_isspace$984              cstackCOMMON 0072
_isupper                  text51       17DC
_isupper$987              cstackCOMMON 0072
_isxdigit                 text41       0AA9
_isxdigit$995             cstackCOMMON 0074
_itoa                     text14       0A5C
_lcd_byte_4bits           text37       09F7
_lcd_byte_8bits           text36       177B
_lcd_char                 text28       17BC
_lcd_clear                text32       1786
_lcd_cmd                  text34       17AC
_lcd_delay_1us            text40       1746
_lcd_delay_2ms            text33       1766
_lcd_delay_40ms           text21       179E
_lcd_delay_40us           text35       174A
_lcd_en_pulse             text39       08BD
_lcd_goto                 text31       0BE3
_lcd_init                 text18       1750
_lcd_init_4bits           text20       0D9E
_lcd_init_8bits           text19       0CD4
_lcd_send_nibble          text38       0B4B
_main                     maintext     0B22
_math_testing             text17       0C5A
_memchr                   text11       0A37
_memcmp                   text10       0D56
_memcpy                   text9        0BAA
_memmove                  text8        0643
_memset                   text7        0A16
_myIsr                    text52       09D8
_printf                   text26       0EBC
_putch                    text27       1756
_show_ad                  text13       0DE7
_stdlib_testing           text12       0C97
_strcat                   text6        0AF9
_strchr                   text5        093E
_strcmp                   text4        0B76
_strcpy                   text3        0AD1
_string_testing           text1        004A
_strlen                   text2        096D
_tolower                  text25       17CC
_toupper                  text24       0904
_utoa                     text15       0E4A
_var4                     bssBANK0     0059
_var5                     bssBANK0     0058
_var6                     bssBANK0     0057
_var7                     bssBANK0     0056
amost1@value              cstackCOMMON 0073
btemp                     (abs)        007E
clear_ram0                clrtext      175E
end_of_initialization     cinit        0046
init_fetch0               inittext     0917
init_ram0                 inittext     091B
interrupt_function        intentry     0004
intlevel0                 functab      0000
intlevel1                 functab      0000
intlevel2                 functab      0000
intlevel3                 functab      0000
intlevel4                 functab      0000
intlevel5                 functab      0000
isalnum@c                 cstackCOMMON 0077
isalpha@c                 cstackCOMMON 0075
iscntrl@c                 cstackCOMMON 0072
isdigit@c                 cstackCOMMON 0073
isgraph@c                 cstackCOMMON 0073
islower@c                 cstackCOMMON 0073
isprint@c                 cstackCOMMON 0073
ispunct@c                 cstackCOMMON 0072
isspace@c                 cstackCOMMON 0073
isupper@c                 cstackCOMMON 0073
isxdigit@c                cstackCOMMON 0075
itoa@base                 cstackBANK0  0031
itoa@buf                  cstackBANK0  0034
itoa@val                  cstackBANK0  002F
lcd_byte_4bits@data       cstackCOMMON 0075
lcd_byte_4bits@nibble     cstackCOMMON 0076
lcd_byte_8bits@data       cstackCOMMON 0072
lcd_char@data             cstackCOMMON 0077
lcd_cmd@data              cstackCOMMON 0077
lcd_goto@col              cstackCOMMON 0078
lcd_goto@lin              cstackCOMMON 0079
lcd_send_nibble@data      cstackCOMMON 0072
memchr@n                  cstackCOMMON 0072
memchr@p                  cstackCOMMON 0077
memchr@s                  cstackCOMMON 0078
memchr@v                  cstackCOMMON 0074
memcmp@n                  cstackCOMMON 0074
memcmp@s1                 cstackCOMMON 0078
memcmp@s2                 cstackCOMMON 0072
memcpy@d                  cstackBANK0  0023
memcpy@d1                 cstackBANK0  0024
memcpy@n                  cstackCOMMON 0074
memcpy@s                  cstackBANK0  0021
memcpy@s1                 cstackCOMMON 0072
memcpy@tmp                cstackBANK0  0020
memmove@d                 cstackBANK0  0023
memmove@d1                cstackBANK0  0020
memmove@n                 cstackCOMMON 0074
memmove@s                 cstackBANK0  0021
memmove@s1                cstackCOMMON 0072
memset@c                  cstackCOMMON 0072
memset@n                  cstackCOMMON 0074
memset@p                  cstackCOMMON 0077
memset@p1                 cstackCOMMON 0078
printf@ap                 cstackBANK0  0032
printf@c                  cstackBANK0  0035
printf@cp                 cstackBANK0  0030
printf@f                  cstackBANK0  0026
printf@flag               cstackBANK0  002E
printf@prec               cstackBANK0  002F
printf@val                cstackBANK0  0033
putch@dado                cstackCOMMON 0078
reset_vec                 reset_vec    0000
saved_w                   (abs)        007E
start                     init         000C
start_initialization      cinit        000F
strcat@cp                 cstackCOMMON 0075
strcat@from               cstackCOMMON 0072
strcat@to                 cstackCOMMON 0074
strchr@chr                cstackCOMMON 0072
strchr@ptr                cstackCOMMON 0074
strcmp@r                  cstackCOMMON 0077
strcmp@s1                 cstackCOMMON 0078
strcmp@s2                 cstackCOMMON 0072
strcpy@cp                 cstackCOMMON 0075
strcpy@from               cstackCOMMON 0072
strcpy@to                 cstackCOMMON 0076
string_testing@F1251      dataBANK1    00E6
string_testing@F1253      dataBANK1    00DC
string_testing@str        cstackBANK0  003A
string_testing@string     cstackBANK0  0044
strlen@cp                 cstackCOMMON 0076
strlen@s                  cstackCOMMON 0075
tolower@c                 cstackCOMMON 0072
toupper@c                 cstackCOMMON 0073
utoa@base                 cstackBANK0  0028
utoa@buf                  cstackBANK0  002E
utoa@c                    cstackBANK0  002D
utoa@v                    cstackBANK0  002B
utoa@val                  cstackBANK0  0026
wtemp0                    (abs)        007E


MODULE INFORMATION

Module		Function		Class		Link	Load	Size
C:\Program Files\Microchip\xc8\v2.32\pic\sources\c90\common\isprint.c
		_isprint       		CODE           	08E0	0000	18

C:\Program Files\Microchip\xc8\v2.32\pic\sources\c90\common\isprint.c estimated size: 18

C:\Program Files\Microchip\xc8\v2.32\pic\sources\c90\common\memmove.c
		_memmove       		CODE           	0643	0000	136

C:\Program Files\Microchip\xc8\v2.32\pic\sources\c90\common\memmove.c estimated size: 136

C:\Program Files\Microchip\xc8\v2.32\pic\sources\c90\common\isdigit.c
		_isdigit       		CODE           	08F2	0000	18

C:\Program Files\Microchip\xc8\v2.32\pic\sources\c90\common\isdigit.c estimated size: 18

C:\Program Files\Microchip\xc8\v2.32\pic\sources\c90\common\strcat.c
		_strcat        		CODE           	0AF9	0000	41

C:\Program Files\Microchip\xc8\v2.32\pic\sources\c90\common\strcat.c estimated size: 41

C:\Program Files\Microchip\xc8\v2.32\pic\sources\c90\common\isalnum.c
		_isalnum       		CODE           	09BC	0000	28

C:\Program Files\Microchip\xc8\v2.32\pic\sources\c90\common\isalnum.c estimated size: 28

C:\Program Files\Microchip\xc8\v2.32\pic\sources\c90\common\strlen.c
		_strlen        		CODE           	096D	0000	25

C:\Program Files\Microchip\xc8\v2.32\pic\sources\c90\common\strlen.c estimated size: 25

C:\Program Files\Microchip\xc8\v2.32\pic\sources\c90\common\ispunct.c
		_ispunct       		CODE           	06CB	0000	53

C:\Program Files\Microchip\xc8\v2.32\pic\sources\c90\common\ispunct.c estimated size: 53

C:\Program Files\Microchip\xc8\v2.32\pic\sources\c90\common\strcmp.c
		_strcmp        		CODE           	0B76	0000	52

C:\Program Files\Microchip\xc8\v2.32\pic\sources\c90\common\strcmp.c estimated size: 52

C:\Program Files\Microchip\xc8\v2.32\pic\sources\c90\common\strchr.c
		_strchr        		CODE           	093E	0000	23

C:\Program Files\Microchip\xc8\v2.32\pic\sources\c90\common\strchr.c estimated size: 23

C:\Program Files\Microchip\xc8\v2.32\pic\sources\c90\common\strcpy.c
		_strcpy        		CODE           	0AD1	0000	40

C:\Program Files\Microchip\xc8\v2.32\pic\sources\c90\common\strcpy.c estimated size: 40

C:\Program Files\Microchip\xc8\v2.32\pic\sources\c90\common\memset.c
		_memset        		CODE           	0A16	0000	33

C:\Program Files\Microchip\xc8\v2.32\pic\sources\c90\common\memset.c estimated size: 33

C:\Program Files\Microchip\xc8\v2.32\pic\sources\c90\common\lwmod.c
		___lwmod       		CODE           	0C1E	0000	60

C:\Program Files\Microchip\xc8\v2.32\pic\sources\c90\common\lwmod.c estimated size: 60

C:\Program Files\Microchip\xc8\v2.32\pic\sources\c90\common\isupper.c
		_isupper       		CODE           	17DC	0000	18

C:\Program Files\Microchip\xc8\v2.32\pic\sources\c90\common\isupper.c estimated size: 18

C:\Program Files\Microchip\xc8\v2.32\pic\sources\c90\common\isxdigit.c
		_isxdigit      		CODE           	0AA9	0000	40

C:\Program Files\Microchip\xc8\v2.32\pic\sources\c90\common\isxdigit.c estimated size: 40

C:\Program Files\Microchip\xc8\v2.32\pic\sources\c90\common\iscntrl.c
		_iscntrl       		CODE           	1770	0000	11

C:\Program Files\Microchip\xc8\v2.32\pic\sources\c90\common\iscntrl.c estimated size: 11

shared
		__stringtab    		STRCODE        	0700	0000	18
		_dpowers       		STRCODE        	0712	0000	10
		__initialization		CODE           	000F	0000	55

shared estimated size: 83

C:\Program Files\Microchip\xc8\v2.32\pic\sources\c90\common\isgraph.c
		_isgraph       		CODE           	17EE	0000	18

C:\Program Files\Microchip\xc8\v2.32\pic\sources\c90\common\isgraph.c estimated size: 18

C:\Program Files\Microchip\xc8\v2.32\pic\sources\c90\common\islower.c
		_islower       		CODE           	08CE	0000	18

C:\Program Files\Microchip\xc8\v2.32\pic\sources\c90\common\islower.c estimated size: 18

lcd.c
		_lcd_cmd       		CODE           	17AC	0000	16
		_lcd_delay_2ms 		CODE           	1766	0000	10
		_lcd_delay_1us 		CODE           	1746	0000	4
		_lcd_init_4bits		CODE           	0D9E	0000	73
		_lcd_init_8bits		CODE           	0CD4	0000	62
		_lcd_delay_40ms		CODE           	179E	0000	14
		_lcd_delay_40us		CODE           	174A	0000	6
		_lcd_char      		CODE           	17BC	0000	16
		_lcd_byte_4bits		CODE           	09F7	0000	31
		_lcd_byte_8bits		CODE           	177B	0000	11
		_lcd_en_pulse  		CODE           	08BD	0000	17
		_lcd_clear     		CODE           	1786	0000	12
		_lcd_goto      		CODE           	0BE3	0000	59
		_lcd_send_nibble		CODE           	0B4B	0000	43
		_lcd_init      		CODE           	1750	0000	6

lcd.c estimated size: 380

C:\Program Files\Microchip\xc8\v2.32\pic\sources\c90\common\doprnt.c
		_printf        		CODE           	0EBC	0000	324

C:\Program Files\Microchip\xc8\v2.32\pic\sources\c90\common\doprnt.c estimated size: 324

C:\Program Files\Microchip\xc8\v2.32\pic\sources\c90\common\memcmp.c
		_memcmp        		CODE           	0D56	0000	72

C:\Program Files\Microchip\xc8\v2.32\pic\sources\c90\common\memcmp.c estimated size: 72

C:\Program Files\Microchip\xc8\v2.32\pic\sources\c90\common\memchr.c
		_memchr        		CODE           	0A37	0000	37

C:\Program Files\Microchip\xc8\v2.32\pic\sources\c90\common\memchr.c estimated size: 37

C:\Program Files\Microchip\xc8\v2.32\pic\sources\c90\common\toupper.c
		_toupper       		CODE           	0904	0000	19

C:\Program Files\Microchip\xc8\v2.32\pic\sources\c90\common\toupper.c estimated size: 19

C:\Program Files\Microchip\xc8\v2.32\pic\sources\c90\common\memcpy.c
		_memcpy        		CODE           	0BAA	0000	57

C:\Program Files\Microchip\xc8\v2.32\pic\sources\c90\common\memcpy.c estimated size: 57

C:\Program Files\Microchip\xc8\v2.32\pic\sources\c90\common\isalpha.c
		_isalpha       		CODE           	09A0	0000	28

C:\Program Files\Microchip\xc8\v2.32\pic\sources\c90\common\isalpha.c estimated size: 28

C:\Program Files\Microchip\xc8\v2.32\pic\sources\c90\common\isspace.c
		_isspace       		CODE           	0955	0000	24

C:\Program Files\Microchip\xc8\v2.32\pic\sources\c90\common\isspace.c estimated size: 24

C:\Program Files\Microchip\xc8\v2.32\pic\sources\c90\common\lwdiv.c
		___lwdiv       		CODE           	0D12	0000	68

C:\Program Files\Microchip\xc8\v2.32\pic\sources\c90\common\lwdiv.c estimated size: 68

main.c
		_show_ad       		CODE           	0DE7	0000	99
		_init          		CODE           	0A82	0000	39
		_math_testing  		CODE           	0C5A	0000	61
		_putch         		CODE           	1756	0000	8
		_main          		CODE           	0B22	0000	41
		_ctype_testing 		CODE           	0381	0000	706
		_myIsr         		CODE           	09D8	0000	31
		_string_testing		CODE           	004A	0000	823
		_stdlib_testing		CODE           	0C97	0000	61
		_amost1        		CODE           	0986	0000	26

main.c estimated size: 1895

C:\Program Files\Microchip\xc8\v2.32\pic\sources\c90\common\tolower.c
		_tolower       		CODE           	17CC	0000	16

C:\Program Files\Microchip\xc8\v2.32\pic\sources\c90\common\tolower.c estimated size: 16

C:\Program Files\Microchip\xc8\v2.32\pic\sources\c90\common\itoa.c
		_itoa          		CODE           	0A5C	0000	38
		_utoa          		CODE           	0E4A	0000	114

C:\Program Files\Microchip\xc8\v2.32\pic\sources\c90\common\itoa.c estimated size: 152

