Microchip MPLAB XC8 Compiler V2.41

Linker command line:

-W-3 \
  --edf=C:/Program Files/Microchip/MPLABX/v6.15/packs/Microchip/PIC18Fxxxx_DFP/1.4.151/xc8\pic\dat\20230323171731_en.msgs \
  -cn \
  -h+dist/default/debug\io_button_led_pic18f452_mplabx_v6.15_xc8_v2.32.X.debug.sym \
  --cmf=dist/default/debug\io_button_led_pic18f452_mplabx_v6.15_xc8_v2.32.X.debug.cmf \
  -z -Q18F452 \
  -oC:\Users\NOTEBOOK\AppData\Local\Temp\xcAs810.\driver_tmp_3.o \
  --defsym=__MPLAB_BUILD=1 --fixupoverflow=error \
  -Mdist/default/debug/io_button_led_pic18f452_mplabx_v6.15_xc8_v2.32.X.debug.map \
  --md=C:\Users\NOTEBOOK\AppData\Local\Temp\xcAs810.\driver_tmp_0.dat -E1 \
  -ver=XC8 Compiler --acfsm=1493 -ACODE=00h-03FFFh,04000h-07D3Fh \
  -ACONST=00h-07D3Fh -ASMALLCONST=0600h-06FFhx119,07D00h-07D3Fh \
  -AMEDIUMCONST=0600h-07D3Fh -ACOMRAM=01h-07Fh -AABS1=00h-05EEh \
  -ABIGRAM=01h-05EEh -ARAM=080h-0FFh,0100h-01FFhx4,0500h-05EEh \
  -ABANK0=080h-0FFh -ABANK1=0100h-01FFh -ABANK2=0200h-02FFh \
  -ABANK3=0300h-03FFh -ABANK4=0400h-04FFh -ABANK5=0500h-05EEh \
  -ASFR=0F80h-0F9Bh,0F9Dh-0FD3h,0FD5h-0FDAh,0FE0h-0FE2h,0FE8h-0FEAh,0FF0h-0FFBh \
  -ABIGSFR=0F80h-0F9Bh,0F9Dh-0FD3h,0FD5h-0FDAh,0FE0h-0FE2h,0FE8h-0FEAh,0FF0h-0FFBh \
  -ACONFIG=0300000h-030000Dh -AIDLOC=0200000h-0200007h \
  -AEEDATA=0F00000h-0F000FFh -peeprom_data=EEDATA \
  -preset_vec=00h,intcode,intcodelo,powerup,init -pramtop=0600h \
  -psmallconst=SMALLCONST -pmediumconst=MEDIUMCONST -pconst=CONST \
  -AFARRAM=00h-00h \
  -prdata=COMRAM,nvrram=COMRAM,nvbit=COMRAM,rbss=COMRAM,rbit=COMRAM \
  -pfarbss=FARRAM,fardata=FARRAM,nvFARRAM=FARRAM \
  -pintsave_regs=BIGRAM,bigbss=BIGRAM,bigdata=BIGRAM -pbss=RAM \
  -pidata=CODE,irdata=CODE,ibigdata=CODE,ifardata=CODE -prparam=COMRAM \
  C:\Users\NOTEBOOK\AppData\Local\Temp\xcAs810.\driver_tmp_9.o \
  dist/default/debug\io_button_led_pic18f452_mplabx_v6.15_xc8_v2.32.X.debug.o 

Object code version is 3.11

Machine type is 18F452



                Name                               Link     Load   Length Selector   Space Scale
C:\Users\NOTEBOOK\AppData\Local\Temp\xcAs810.\driver_tmp_9.o
                config                           300000   300000        E        0       4
                text                               3F76     3F76        2     1FBB       0
                init                                  2        2        4        0       0
                reset_vec                             0        0        2        0       0
dist/default/debug\io_button_led_pic18f452_mplabx_v6.15_xc8_v2.32.X.debug.o
                config                           300000   300000        E        0       4
                text2                              3FC0     3FC0       40     1FE0       0
                text1                              3F92     3F92       2E     1FC9       0
                text0                              3F7E     3F7E       14     1FBF       0
                cstackCOMRAM                          1        1        2        1       1
                cinit                              3F78     3F78        6     1FBC       0

TOTAL           Name                               Link     Load   Length     Space
        CLASS   CODE           
                text                               3F76     3F76        2         0
                init                                  2        2        4         0
                reset_vec                             0        0        2         0
                text2                              3FC0     3FC0       40         0
                text1                              3F92     3F92       2E         0
                text0                              3F7E     3F7E       14         0
                cinit                              3F78     3F78        6         0

        CLASS   CONST          

        CLASS   SMALLCONST     

        CLASS   MEDIUMCONST    

        CLASS   COMRAM         
                cstackCOMRAM                          1        1        2         1

        CLASS   ABS1           

        CLASS   BIGRAM         

        CLASS   RAM            

        CLASS   BANK0          

        CLASS   BANK1          

        CLASS   BANK2          

        CLASS   BANK3          

        CLASS   BANK4          

        CLASS   BANK5          

        CLASS   SFR            

        CLASS   BIGSFR         

        CLASS   CONFIG         
                config                           300000   300000        E         4

        CLASS   IDLOC          

        CLASS   EEDATA         

        CLASS   FARRAM         

        CLASS   HEAP           

        CLASS   STACK          



SEGMENTS        Name                           Load    Length   Top    Selector   Space  Class

                reset_vec                      000000  000006  000006         0       0  CODE    
                cstackCOMRAM                   000001  000002  000003         1       1  COMRAM  
                text                           003F76  000002  003F78      1FBB       0  CODE    
                cinit                          003F78  000006  003F7E      1FBC       0  CODE    
                text0                          003F7E  000014  003F92      1FBF       0  CODE    
                text1                          003F92  00002E  003FC0      1FC9       0  CODE    
                text2                          003FC0  000040  004000      1FE0       0  CODE    


UNUSED ADDRESS RANGES

        Name                Unused          Largest block    Delta
        BANK0            000080-0000FF               80
        BANK1            000100-0001FF              100
        BANK2            000200-0002FF              100
        BANK3            000300-0003FF              100
        BANK4            000400-0004FF              100
        BANK5            000500-0005EE               EF
        BIGRAM           000003-0005EE              5EC
        BIGSFR           000F80-000F9B               1C
                         000F9D-000FD3               37
                         000FD5-000FDA                6
                         000FE0-000FE2                3
                         000FE8-000FEA                3
                         000FF0-000FFB                C
        CODE             000006-003F75             3F70
                         004000-007D3F             3D40
        COMRAM           000003-00007F               7D
        CONST            000006-003F75             3F70
                         004000-007D3F             3D40
        EEDATA           F00000-F000FF              100
        IDLOC            200000-200007                8
        MEDIUMCONST      000600-003F75             3976
                         004000-007D3F             3D40
        RAM              000080-0005EE              100
        SFR              000F80-000F9B               1C
                         000F9D-000FD3               37
                         000FD5-000FDA                6
                         000FE0-000FE2                3
                         000FE8-000FEA                3
                         000FF0-000FFB                C
        SMALLCONST       000600-003F75              100
                         004000-007D3F              100

                                  Symbol Table

_PORTA                                                                                     (abs)        000F80
_PORTB                                                                                     (abs)        000F81
_PORTC                                                                                     (abs)        000F82
_PORTD                                                                                     (abs)        000F83
_PORTDbits                                                                                 (abs)        000F83
_PORTE                                                                                     (abs)        000F84
_TRISA                                                                                     (abs)        000F92
_TRISB                                                                                     (abs)        000F93
_TRISC                                                                                     (abs)        000F94
_TRISD                                                                                     (abs)        000F95
_TRISE                                                                                     (abs)        000F96
__HRAM                                                                                     (abs)        000000
__H__absolute__                                                                            __absolute__ 000000
__Habs1                                                                                    abs1         000000
__Hbank0                                                                                   bank0        000000
__Hbank1                                                                                   bank1        000000
__Hbank2                                                                                   bank2        000000
__Hbank3                                                                                   bank3        000000
__Hbank4                                                                                   bank4        000000
__Hbank5                                                                                   bank5        000000
__Hbigbss                                                                                  bigbss       000000
__Hbigdata                                                                                 bigdata      000000
__Hbigram                                                                                  bigram       000000
__Hbigsfr                                                                                  bigsfr       000000
__Hbss                                                                                     bss          000000
__Hcinit                                                                                   cinit        000000
__Hclrtext                                                                                 clrtext      000000
__Hcomram                                                                                  comram       000000
__Hconfig                                                                                  config       30000E
__Hconst                                                                                   const        000000
__HcstackCOMRAM                                                                            cstackCOMRAM 000000
__Hdata                                                                                    data         000000
__Heeprom_data                                                                             eeprom_data  000000
__Hfarbss                                                                                  farbss       000000
__Hfardata                                                                                 fardata      000000
__Hheap                                                                                    heap         000000
__Hibigdata                                                                                ibigdata     000000
__Hidata                                                                                   idata        000000
__Hidloc                                                                                   idloc        000000
__Hifardata                                                                                ifardata     000000
__Hinit                                                                                    init         000006
__Hintcode                                                                                 intcode      000002
__Hintcode_body                                                                            intcode_body 000000
__Hintcodelo                                                                               intcodelo    000002
__Hintentry                                                                                intentry     000000
__Hintret                                                                                  intret       000000
__Hintsave_regs                                                                            intsave_regs 000000
__Hirdata                                                                                  irdata       000000
__Hmediumconst                                                                             mediumconst  000000
__HnvFARRAM                                                                                nvFARRAM     000000
__Hnvbit                                                                                   nvbit        000000
__Hnvrram                                                                                  nvrram       000000
__Hparam                                                                                   rparam       000000
__Hpowerup                                                                                 powerup      000002
__Hram                                                                                     ram          000000
__Hramtop                                                                                  ramtop       000600
__Hrbit                                                                                    rbit         000000
__Hrbss                                                                                    rbss         000000
__Hrdata                                                                                   rdata        000000
__Hreset_vec                                                                               reset_vec    000002
__Hrparam                                                                                  rparam       000000
__Hsfr                                                                                     sfr          000000
__Hsmallconst                                                                              smallconst   000000
__Hspace_0                                                                                 (abs)        004000
__Hspace_1                                                                                 (abs)        000003
__Hspace_2                                                                                 (abs)        000000
__Hspace_4                                                                                 (abs)        60000E
__Hstack                                                                                   stack        000000
__Hstruct                                                                                  struct       000000
__Htemp                                                                                    temp         000000
__Htext                                                                                    text         000000
__Htext0                                                                                   text0        000000
__Htext1                                                                                   text1        000000
__Htext2                                                                                   text2        000000
__LRAM                                                                                     (abs)        000001
__L__absolute__                                                                            __absolute__ 000000
__Labs1                                                                                    abs1         000000
__Lbank0                                                                                   bank0        000000
__Lbank1                                                                                   bank1        000000
__Lbank2                                                                                   bank2        000000
__Lbank3                                                                                   bank3        000000
__Lbank4                                                                                   bank4        000000
__Lbank5                                                                                   bank5        000000
__Lbigbss                                                                                  bigbss       000000
__Lbigdata                                                                                 bigdata      000000
__Lbigram                                                                                  bigram       000000
__Lbigsfr                                                                                  bigsfr       000000
__Lbss                                                                                     bss          000000
__Lcinit                                                                                   cinit        000000
__Lclrtext                                                                                 clrtext      000000
__Lcomram                                                                                  comram       000000
__Lconfig                                                                                  config       000000
__Lconst                                                                                   const        000000
__LcstackCOMRAM                                                                            cstackCOMRAM 000000
__Ldata                                                                                    data         000000
__Leeprom_data                                                                             eeprom_data  000000
__Lfarbss                                                                                  farbss       000000
__Lfardata                                                                                 fardata      000000
__Lheap                                                                                    heap         000000
__Libigdata                                                                                ibigdata     000000
__Lidata                                                                                   idata        000000
__Lidloc                                                                                   idloc        000000
__Lifardata                                                                                ifardata     000000
__Linit                                                                                    init         000002
__Lintcode                                                                                 intcode      000002
__Lintcode_body                                                                            intcode_body 000000
__Lintcodelo                                                                               intcodelo    000002
__Lintentry                                                                                intentry     000000
__Lintret                                                                                  intret       000000
__Lintsave_regs                                                                            intsave_regs 000000
__Lirdata                                                                                  irdata       000000
__Lmediumconst                                                                             mediumconst  000000
__LnvFARRAM                                                                                nvFARRAM     000000
__Lnvbit                                                                                   nvbit        000000
__Lnvrram                                                                                  nvrram       000000
__Lparam                                                                                   rparam       000000
__Lpowerup                                                                                 powerup      000002
__Lram                                                                                     ram          000000
__Lramtop                                                                                  ramtop       000600
__Lrbit                                                                                    rbit         000000
__Lrbss                                                                                    rbss         000000
__Lrdata                                                                                   rdata        000000
__Lreset_vec                                                                               reset_vec    000000
__Lrparam                                                                                  rparam       000000
__Lsfr                                                                                     sfr          000000
__Lsmallconst                                                                              smallconst   000000
__Lspace_0                                                                                 (abs)        000000
__Lspace_1                                                                                 (abs)        000000
__Lspace_2                                                                                 (abs)        000000
__Lspace_4                                                                                 (abs)        000000
__Lstack                                                                                   stack        000000
__Lstruct                                                                                  struct       000000
__Ltemp                                                                                    temp         000000
__Ltext                                                                                    text         000000
__Ltext0                                                                                   text0        000000
__Ltext1                                                                                   text1        000000
__Ltext2                                                                                   text2        000000
__S0                                                                                       (abs)        004000
__S1                                                                                       (abs)        000003
__S4                                                                                       (abs)        000000
__S5                                                                                       (abs)        000000
___heap_hi                                                                                 (abs)        000000
___heap_lo                                                                                 (abs)        000000
___inthi_sp                                                                                stack        000000
___intlo_sp                                                                                stack        000000
___param_bank                                                                              (abs)        000000
___rparam_used                                                                             (abs)        000001
___sp                                                                                      stack        000000
__accesstop                                                                                (abs)        000080
__activetblptr                                                                             (abs)        000000
__cntErrataNOP_C:\Users\NOTEBOOK\AppData\Local\Temp\xcAs810.\driver_tmp_9.o                (abs)        000001
__cntErrataNOP_dist/default/debug\io_button_led_pic18f452_mplabx_v6.15_xc8_v2.32.X.debug.o (abs)        000008
__end_of__initialization                                                                   cinit        003F78
__end_of_blink_led                                                                         text2        003FFE
__end_of_init                                                                              text1        003FC0
__end_of_main                                                                              text0        003F92
__initialization                                                                           cinit        003F78
__mediumconst                                                                              mediumconst  000000
__pcinit                                                                                   cinit        003F78
__pcstackCOMRAM                                                                            cstackCOMRAM 000001
__ptext0                                                                                   text0        003F7E
__ptext1                                                                                   text1        003F92
__ptext2                                                                                   text2        003FC0
__ramtop                                                                                   ramtop       000600
__smallconst                                                                               smallconst   000000
_blink_led                                                                                 text2        003FC0
_init                                                                                      text1        003F92
_main                                                                                      text0        003F7E
end_of_initialization                                                                      cinit        003F78
intlevel0                                                                                  text         003F76
intlevel1                                                                                  text         003F76
intlevel2                                                                                  text         003F76
intlevel3                                                                                  text         003F76
isa$std                                                                                    (abs)        000001
isa$xinst                                                                                  (abs)        000000
stackhi                                                                                    (abs)        000000
stacklo                                                                                    (abs)        000000
start                                                                                      init         000002
start_initialization                                                                       cinit        003F78


MODULE INFORMATION

Module		Function		Class		Link	Load	Size
shared
		__initialization		CODE           	3F78	0000	1

shared estimated size: 1

main.c
		_init          		CODE           	3F92	0000	46
		_main          		CODE           	3F7E	0000	20
		_blink_led     		CODE           	3FC0	0000	62

main.c estimated size: 128

