Microchip MPLAB XC8 Compiler V2.41

Linker command line:

-W-3 \
  --edf=C:\Program Files\Microchip\xc8\v2.41\pic\dat\20230208172133_en.msgs \
  -cn \
  -h+dist/default/debug\servoMotor_pic16f877a_mplabx_v5.50_xc8_v2.32.X.debug.sym \
  --cmf=dist/default/debug\servoMotor_pic16f877a_mplabx_v5.50_xc8_v2.32.X.debug.cmf \
  -z -Q16F877A \
  -oC:\Users\NOTEBOOK\AppData\Local\Temp\xcAsbuk.\driver_tmp_3.o \
  --defsym=__MPLAB_BUILD=1 --fixupoverflow=error \
  -Mdist/default/debug/servoMotor_pic16f877a_mplabx_v5.50_xc8_v2.32.X.debug.map \
  --md=C:\Users\NOTEBOOK\AppData\Local\Temp\xcAsbuk.\driver_tmp_0.dat -E1 \
  -ver=XC8 Compiler --acfsm=1493 -ACODE=00h-07FFhx4 -ASTRCODE=00h-01FFFh \
  -ASTRING=00h-0FFhx32 -ACONST=00h-0FFhx32 -AENTRY=00h-0FFhx32 \
  -ACOMMON=070h-07Fh -ABANK0=020h-06Fh -ABANK1=0A0h-0EFh \
  -ABANK2=0110h-016Fh -ABANK3=0190h-01EFh \
  -ARAM=020h-06Fh,0A0h-0EFh,0110h-016Fh,0190h-01EFh \
  -AABS1=020h-07Fh,0A0h-0EFh,0110h-016Fh,0190h-01EFh -ASFR0=00h-01Fh \
  -ASFR1=080h-09Fh -ASFR2=0100h-010Fh -ASFR3=0180h-018Fh \
  -ACONFIG=02007h-02007h -DCONFIG=2 -AIDLOC=02000h-02003h -DIDLOC=2 \
  -AEEDATA=00h-0FFh/02100h -peeprom_data=EEDATA -DEEDATA=2 -DCODE=2 \
  -DSTRCODE=2 -DSTRING=2 -DCONST=2 -DENTRY=2 \
  -preset_vec=00h,intentry=04h,init,end_init -ppowerup=CODE -pcinit=CODE \
  -pfunctab=ENTRY -k \
  C:\Users\NOTEBOOK\AppData\Local\Temp\xcAsbuk.\driver_tmp_12.o \
  dist/default/debug\servoMotor_pic16f877a_mplabx_v5.50_xc8_v2.32.X.debug.o 

Object code version is 3.11

Machine type is 16F877A



                Name                               Link     Load   Length Selector   Space Scale
C:\Users\NOTEBOOK\AppData\Local\Temp\xcAsbuk.\driver_tmp_12.o
                end_init                              C        C        3        8       0
                reset_vec                             0        0        3        0       0
                config                             2007     2007        1        0       4
                idloc                              2000     2000        4        0       5
dist/default/debug\servoMotor_pic16f877a_mplabx_v5.50_xc8_v2.32.X.debug.o
                cinit                                 F        F        6        8       0
                intentry                              4        4        8        8       0
                config                             2007     2007        1        0       4
                idloc                              2000     2000        4        0       5
                text2                                15       15       6D        8       0
                text1                                EB       EB       34        8       0
                maintext                             82       82       69        8       0
                cstackCOMMON                         74       74        4       70       1
                bssCOMMON                            78       78        2       70       1
                nvCOMMON                             70       70        4       70       1

TOTAL           Name                               Link     Load   Length     Space
        CLASS   CODE           
                end_init                              C        C        3         0
                cinit                                 F        F        6         0
                intentry                              4        4        8         0
                reset_vec                             0        0        3         0
                text2                                15       15       6D         0
                text1                                EB       EB       34         0
                maintext                             82       82       69         0

        CLASS   STRCODE        

        CLASS   STRING         

        CLASS   CONST          

        CLASS   ENTRY          

        CLASS   COMMON         
                cstackCOMMON                         74       74        4         1
                bssCOMMON                            78       78        2         1
                nvCOMMON                             70       70        4         1

        CLASS   BANK0          

        CLASS   BANK1          

        CLASS   BANK2          

        CLASS   BANK3          

        CLASS   RAM            

        CLASS   ABS1           
                abs_s1                               7E       7E        2         1

        CLASS   SFR0           

        CLASS   SFR1           

        CLASS   SFR2           

        CLASS   SFR3           

        CLASS   CONFIG         
                config                             2007     2007        1         4

        CLASS   IDLOC          
                idloc                              2000     2000        4         5

        CLASS   EEDATA         

        CLASS   STACK          



SEGMENTS        Name                           Load    Length   Top    Selector   Space  Class     Delta

                reset_vec                      000000  000003  000003         0       0  CODE        2
                intentry                       000004  00011B  00011F         8       0  CODE        2
                nvCOMMON                       000070  00000A  00007A        70       1  COMMON      1


UNUSED ADDRESS RANGES

        Name                Unused          Largest block    Delta
        BANK0            0020-006F             50           1
        BANK1            00A0-00EF             50           1
        BANK2            0110-016F             60           1
        BANK3            0190-01EF             60           1
        CODE             0003-0003              1           2
                         011F-1FFF            800
        COMMON           007A-007D              4           1
        CONST            0003-0003              1           2
                         011F-1FFF            100
        EEDATA           2100-21FF            100           2
        ENTRY            0003-0003              1           2
                         011F-1FFF            100
        RAM              0020-006F             50           1
                         00A0-00EF             50
                         0110-016F             60
                         0190-01EF             60
        SFR0             0000-001F             20           1
        SFR1             0080-009F             20           1
        SFR2             0100-010F             10           1
        SFR3             0180-018F             10           1
        STRCODE          0003-0003              1           2
                         011F-1FFF           1EE1
        STRING           0003-0003              1           2
                         011F-1FFF            100

                                  Symbol Table

_INTCON                  (abs)        000B
_INTCONbits              (abs)        000B
_OPTION_REG              (abs)        0081
_PIE1bits                (abs)        008C
_PIR1bits                (abs)        000C
_PORTA                   (abs)        0005
_PORTB                   (abs)        0006
_PORTBbits               (abs)        0006
_PORTC                   (abs)        0007
_PORTCbits               (abs)        0007
_PORTD                   (abs)        0008
_PORTE                   (abs)        0009
_T1CON                   (abs)        0010
_TMR0                    (abs)        0001
_TMR1                    (abs)        000E
_TRISA                   (abs)        0085
_TRISB                   (abs)        0086
_TRISC                   (abs)        0087
_TRISD                   (abs)        0088
_TRISE                   (abs)        0089
__H__absolute__          __absolute__ 0000
__Habs1                  abs1         0000
__Hbank0                 bank0        0000
__Hbank1                 bank1        0000
__Hbank2                 bank2        0000
__Hbank3                 bank3        0000
__HbssCOMMON             bssCOMMON    0000
__Hcinit                 cinit        0015
__Hclrtext               clrtext      0000
__Hcode                  code         0000
__Hcommon                common       0000
__Hconfig                config       2008
__HcstackCOMMON          cstackCOMMON 0000
__Heeprom_data           eeprom_data  0000
__Hend_init              end_init     000F
__Hfunctab               functab      0000
__Hidloc                 idloc        2004
__Hinit                  init         000C
__Hintentry              intentry     000C
__Hmaintext              maintext     0000
__HnvCOMMON              nvCOMMON     0000
__Hpowerup               powerup      0000
__Hram                   ram          0000
__Hreset_vec             reset_vec    0003
__Hsfr0                  sfr0         0000
__Hsfr1                  sfr1         0000
__Hsfr2                  sfr2         0000
__Hsfr3                  sfr3         0000
__Hspace_0               (abs)        011F
__Hspace_1               (abs)        007A
__Hspace_2               (abs)        0000
__Hspace_3               (abs)        0000
__Hspace_4               (abs)        400F
__Hstack                 stack        0000
__Hstrings               strings      0000
__Htext                  text         0000
__L__absolute__          __absolute__ 0000
__Labs1                  abs1         0000
__Lbank0                 bank0        0000
__Lbank1                 bank1        0000
__Lbank2                 bank2        0000
__Lbank3                 bank3        0000
__LbssCOMMON             bssCOMMON    0000
__Lcinit                 cinit        000F
__Lclrtext               clrtext      0000
__Lcode                  code         0000
__Lcommon                common       0000
__Lconfig                config       0000
__LcstackCOMMON          cstackCOMMON 0000
__Leeprom_data           eeprom_data  0000
__Lend_init              end_init     000C
__Lfunctab               functab      0000
__Lidloc                 idloc        0000
__Linit                  init         000C
__Lintentry              intentry     0004
__Lmaintext              maintext     0000
__LnvCOMMON              nvCOMMON     0000
__Lpowerup               powerup      0000
__Lram                   ram          0000
__Lreset_vec             reset_vec    0000
__Lsfr0                  sfr0         0000
__Lsfr1                  sfr1         0000
__Lsfr2                  sfr2         0000
__Lsfr3                  sfr3         0000
__Lspace_0               (abs)        0000
__Lspace_1               (abs)        0000
__Lspace_2               (abs)        0000
__Lspace_3               (abs)        0000
__Lspace_4               (abs)        0000
__Lstack                 stack        0000
__Lstrings               strings      0000
__Ltext                  text         0000
__S0                     (abs)        011F
__S1                     (abs)        007A
__S3                     (abs)        0000
___int_sp                stack        0000
___latbits               (abs)        0002
___sp                    stack        0000
___stackhi               (abs)        0000
___stacklo               (abs)        0000
__end_of__initialization cinit        0011
__end_of_init            text1        011F
__end_of_main            maintext     00EB
__end_of_myIsr           text2        0082
__initialization         cinit        000F
__pbssCOMMON             bssCOMMON    0078
__pcstackCOMMON          cstackCOMMON 0074
__pintentry              intentry     0004
__pmaintext              maintext     0082
__pnvCOMMON              nvCOMMON     0070
__ptext1                 text1        00EB
__ptext2                 text2        0015
_cont                    bssCOMMON    0078
_duty1                   nvCOMMON     0072
_duty2                   nvCOMMON     0070
_init                    text1        00EB
_main                    maintext     0082
_myIsr                   text2        0015
btemp                    (abs)        007E
end_of_initialization    cinit        0011
interrupt_function       intentry     0004
intlevel0                functab      0000
intlevel1                functab      0000
intlevel2                functab      0000
intlevel3                functab      0000
intlevel4                functab      0000
intlevel5                functab      0000
reset_vec                reset_vec    0000
saved_w                  (abs)        007E
start                    init         000C
start_initialization     cinit        000F
wtemp0                   (abs)        007E


MODULE INFORMATION

Module		Function		Class		Link	Load	Size
shared
		__initialization		CODE           	000F	0000	2

shared estimated size: 2

main.c
		_init          		CODE           	00EB	0000	52
		_main          		CODE           	0082	0000	105
		_myIsr         		CODE           	0015	0000	109

main.c estimated size: 266

